// Jest Snapshot v1, https://goo.gl/fbAQLP

exports[`Link changes the class when hovered 1`] = `
<div
  className="container"
>
  <div
    className="gallery-container"
  >
    <img
      alt="weather"
    />
    <h2>
       
       °C 
    </h2>
  </div>
  <form>
    <input
      type="text"
      value="London"
    />
  </form>
  <button
    onClick={[Function]}
  >
     
  </button>
</div>
`;
